<?xml version="1.0" encoding="UTF-8"?>
<TestRun id="1dee192c-a576-4424-8b2d-8bb70abae7f5" name="GREEN@GREEN-PC 2012-07-13 00:38:38" runUser="GREEN-PC\GREEN" xmlns="http://microsoft.com/schemas/VisualStudio/TeamTest/2010">
  <TestSettings name="Local" id="24a218ba-b71c-4679-9d77-225e9c8ddc8e">
    <Description>These are default test settings for a local test run.</Description>
    <Deployment enabled="false" runDeploymentRoot="GREEN_GREEN-PC 2012-07-13 00_38_38">
      <DeploymentItem filename="C:\Users\GREEN\Documents\Visual Studio 2010\Projects\ControlApp\EnerefsysDAL\bin\Debug\EnerefsysDAL.dll" />
      <DeploymentItem filename="C:\Users\GREEN\Documents\Visual Studio 2010\Projects\ControlApp\DataContext\bin\Debug\DataContext.dll" />
      <DeploymentItem filename="C:\Users\GREEN\Documents\Visual Studio 2010\Projects\ControlApp\BLL\bin\Debug\BLL.dll" />
    </Deployment>
    <Execution>
      <TestTypeSpecific />
      <AgentRule name="Execution Agents">
      </AgentRule>
    </Execution>
  </TestSettings>
  <Times creation="2012-07-13T00:38:38.6531000+08:00" queuing="2012-07-13T00:38:43.5663810+08:00" start="2012-07-13T00:38:43.8423968+08:00" finish="2012-07-13T00:39:01.2983952+08:00" />
  <ResultSummary outcome="Failed">
    <Counters total="1" executed="1" error="0" failed="1" timeout="0" aborted="0" inconclusive="0" passedButRunAborted="0" notRunnable="0" notExecuted="0" disconnected="0" warning="0" passed="0" completed="0" inProgress="0" pending="0" />
  </ResultSummary>
  <TestDefinitions>
    <UnitTest name="TestMethod1" storage="c:\users\green\documents\visual studio 2010\projects\controlapp\testproject1\bin\debug\testproject1.dll" id="59863143-3238-122e-4d8a-637b491cc755">
      <Execution id="af1f9098-4d93-46e6-aeb5-3522b8ed3c45" />
      <TestMethod codeBase="C:/Users/GREEN/Documents/Visual Studio 2010/Projects/ControlApp/TestProject1/bin/Debug/TestProject1.DLL" adapterTypeName="Microsoft.VisualStudio.TestTools.TestTypes.Unit.UnitTestAdapter, Microsoft.VisualStudio.QualityTools.Tips.UnitTest.Adapter, Version=10.0.0.0, Culture=neutral, PublicKeyToken=b03f5f7f11d50a3a" className="TestProject1.UnitTest1, TestProject1, Version=1.0.0.0, Culture=neutral, PublicKeyToken=null" name="TestMethod1" />
    </UnitTest>
  </TestDefinitions>
  <TestLists>
    <TestList name="Results Not in a List" id="8c84fa94-04c1-424b-9868-57a2d4851a1d" />
    <TestList name="All Loaded Results" id="19431567-8539-422a-85d7-44ee4e166bda" />
  </TestLists>
  <TestEntries>
    <TestEntry testId="59863143-3238-122e-4d8a-637b491cc755" executionId="af1f9098-4d93-46e6-aeb5-3522b8ed3c45" testListId="8c84fa94-04c1-424b-9868-57a2d4851a1d" />
  </TestEntries>
  <Results>
    <UnitTestResult executionId="af1f9098-4d93-46e6-aeb5-3522b8ed3c45" testId="59863143-3238-122e-4d8a-637b491cc755" testName="TestMethod1" computerName="GREEN-PC" duration="00:00:15.0120104" startTime="2012-07-13T00:38:44.0684097+08:00" endTime="2012-07-13T00:39:01.1883889+08:00" testType="13cdc9d9-ddb5-4fa4-a97d-d965ccfc6d4b" outcome="Failed" testListId="8c84fa94-04c1-424b-9868-57a2d4851a1d" relativeResultsDirectory="af1f9098-4d93-46e6-aeb5-3522b8ed3c45">
      <Output>
        <ErrorInfo>
          <Message>Test method TestProject1.UnitTest1.TestMethod1 threw exception: 
System.ArgumentException: Could not find the conceptual model type for 'EnerefsysDAL.DayLoad'.</Message>
          <StackTrace>    at System.Data.Metadata.Edm.MetadataWorkspace.GetEdmSpaceType(StructuralType objectSpaceType)
   at System.Data.Entity.Internal.InternalContext.UpdateEntitySetMappings()
   at System.Data.Entity.Internal.InternalContext.TryUpdateEntitySetMappingsForType(Type entityType)
   at System.Data.Entity.Internal.InternalContext.IsEntityTypeMapped(Type entityType)
   at System.Data.Entity.Internal.InternalContext.SaveModelHashToDatabase()
   at System.Data.Entity.Database.CreateIfNotExists()
   at DataContext.EnerefsysContext..ctor() in C:\Users\GREEN\Documents\Visual Studio 2010\Projects\ControlApp\DataContext\EnerefsysContext.cs:line 15
   at TestProject1.UnitTest1.TestMethod1() in C:\Users\GREEN\Documents\Visual Studio 2010\Projects\ControlApp\TestProject1\UnitTest1.cs:line 84
</StackTrace>
        </ErrorInfo>
      </Output>
    </UnitTestResult>
  </Results>
</TestRun>